[backblue.gif]
[fade.gif]
[index.html]
[ferret.pmel.noaa.gov/LAS/index.html]
[ferret.pmel.noaa.gov/LAS/documentation.html]
[ferret.pmel.noaa.gov/LAS/faq.html]
[ferret.pmel.noaa.gov/LAS/downloads.html]
[ferret.pmel.noaa.gov/LAS/las-legal.html]
[ferret.pmel.noaa.gov/LAS/email-users-group.html]
[ferret.pmel.noaa.gov/LAS/contact-us.html]
[ferret.pmel.noaa.gov/LAS/documentation/list-of-operational-servers.html]
[ferret.pmel.noaa.gov/LAS/documentation/las-servers.html]
[ferret.pmel.noaa.gov/LAS/documentation/las-overview.html]
[ferret.pmel.noaa.gov/LAS/sitemap.html]
[ferret.pmel.noaa.gov/LAS/documentation/release-notes-for-las-v8.html]
[ferret.pmel.noaa.gov/LAS/documentation/typographical-conventions.html]
[ferret.pmel.noaa.gov/LAS/documentation/introduction.html]
[ferret.pmel.noaa.gov/LAS/documentation/introduction/the-las-architecture.html]
[ferret.pmel.noaa.gov/LAS/documentation/introduction/using-the-las-user-interface.html]
[ferret.pmel.noaa.gov/LAS/documentation/introduction/las-v7-video-tutorials.html]
[ferret.pmel.noaa.gov/LAS/documentation/release-notes-for-previous-versions-1.html]
[ferret.pmel.noaa.gov/LAS/documentation/release-notes-for-las-v8-2.html]
[ferret.pmel.noaa.gov/LAS/documentation/release-notes-for-previous-versions-1/release-notes-for-las-v8.html]
[ferret.pmel.noaa.gov/LAS/documentation/release-notes-for-previous-versions-1/release-notes-for-las-8.html]
[ferret.pmel.noaa.gov/LAS/documentation/release-notes-for-previous-versions-1/release-notes-for-las-9.html]
[ferret.pmel.noaa.gov/LAS/documentation/release-notes-for-previous-versions-1/release-notes-v8.html]
[ferret.pmel.noaa.gov/LAS/documentation/release-notes-for-previous-versions-1/release-notes-v7-3-august-2011.html]
[ferret.pmel.noaa.gov/LAS/documentation/release-notes-for-previous-versions-1/las-release-notes-7-2.html]
[ferret.pmel.noaa.gov/LAS/documentation/release-notes-for-previous-versions-1/las-release-notes-7.1.html]
[ferret.pmel.noaa.gov/LAS/documentation/release-notes-for-previous-versions-1/las-release-notes-for-v7-1.html]
[ferret.pmel.noaa.gov/LAS/documentation/release-notes-for-previous-versions-1/release-notes-for-las-v7.html]
[ferret.pmel.noaa.gov/LAS/documentation/release-notes-for-previous-versions-1/release-notes-for-las-version-7.html]
[ferret.pmel.noaa.gov/LAS/documentation/release-notes-for-previous-versions-1/release-notes-for-las.html]
[ferret.pmel.noaa.gov/LAS/documentation/release-notes-for-previous-versions-1/release-notes-for-previous-versions.html]
[ferret.pmel.noaa.gov/LAS/documentation/end-user-documentation.html]
[ferret.pmel.noaa.gov/LAS/documentation/end-user-documentation/the-batch-response.html]
[ferret.pmel.noaa.gov/LAS/documentation/end-user-documentation/the-batch-response/batch-response.html]
[ferret.pmel.noaa.gov/LAS/documentation/end-user-documentation/the-batch-response/batch-errors.html]
[ferret.pmel.noaa.gov/LAS/documentation/end-user-documentation/las-capabilities-for-working-with-ensembles-1.html]
[ferret.pmel.noaa.gov/LAS/documentation/end-user-documentation/las-capabilities-for-working-with-ensembles-1/basic-one-plot-ensemble-interface.html]
[ferret.pmel.noaa.gov/LAS/documentation/end-user-documentation/las-capabilities-for-working-with-ensembles-1/comparisons-with-two-or-more-plot-panels.html]
[ferret.pmel.noaa.gov/LAS/documentation/end-user-documentation/google-earth-products.html]
[ferret.pmel.noaa.gov/LAS/documentation/end-user-documentation/google-earth-products/static-plot-overlay.html]
[ferret.pmel.noaa.gov/LAS/documentation/end-user-documentation/google-earth-products/basic-wms-requests.html]
[ferret.pmel.noaa.gov/LAS/documentation/installer-documentation.html]
[ferret.pmel.noaa.gov/LAS/documentation/installer-documentation/installation.html]
[ferret.pmel.noaa.gov/LAS/documentation/installer-documentation/installation/preliminaries.html]
[ferret.pmel.noaa.gov/LAS/documentation/installer-documentation/installation/installing-and-integrating-tds-with-las.html]
[ferret.pmel.noaa.gov/LAS/documentation/installer-documentation/installation/setting-up-the-example-in-situ-data-sets.html]
[ferret.pmel.noaa.gov/LAS/documentation/installer-documentation/installation/installing-armstrong.html]
[ferret.pmel.noaa.gov/LAS/documentation/installer-documentation/installation/start-the-server.html]
[ferret.pmel.noaa.gov/LAS/documentation/installer-documentation/installation/check-installation.html]
[ferret.pmel.noaa.gov/LAS/documentation/installer-documentation/installation/directory-layout.html]
[ferret.pmel.noaa.gov/LAS/documentation/installer-documentation/installation/applying-changes-to-the-configuration.html]
[ferret.pmel.noaa.gov/LAS/documentation/installer-documentation/installation/installation-session-for-the-v7-0-user-interface-only.html]
[ferret.pmel.noaa.gov/LAS/documentation/installer-documentation/upgrading-existing-las-server.html]
[ferret.pmel.noaa.gov/LAS/documentation/installer-documentation/las-administration.html]
[ferret.pmel.noaa.gov/LAS/documentation/installer-documentation/las-administration/the-admin-page.html]
[ferret.pmel.noaa.gov/LAS/documentation/installer-documentation/las-administration/reloading-the-las-configuration.html]
[ferret.pmel.noaa.gov/LAS/documentation/installer-documentation/las-administration/managing-the-las-cache.html]
[ferret.pmel.noaa.gov/LAS/documentation/installer-documentation/las-administration/configuring-a-default-data-set-variable-and-plot-for-an-las.html]
[ferret.pmel.noaa.gov/LAS/documentation/installer-documentation/las-administration/configuring-the-base-map-in-the-reference-map.html]
[ferret.pmel.noaa.gov/LAS/documentation/installer-documentation/adding-gridded-data.html]
[ferret.pmel.noaa.gov/LAS/documentation/installer-documentation/adding-gridded-data/the-addxml-utility.html]
[ferret.pmel.noaa.gov/LAS/documentation/installer-documentation/adding-gridded-data/using-addxml-on-a-netcdf-data-source.html]
[ferret.pmel.noaa.gov/LAS/documentation/installer-documentation/adding-gridded-data/using-addxml-on-a-thredds-catalog.html]
[ferret.pmel.noaa.gov/LAS/documentation/installer-documentation/adding-gridded-data/advanced-topics-for-adding-netcdf-data-sources-with-addxml.html]
[ferret.pmel.noaa.gov/LAS/documentation/installer-documentation/adding-gridded-data/addxml-and-automatic-detection-of-vectors.html]
[ferret.pmel.noaa.gov/LAS/documentation/installer-documentation/adding-gridded-data/the-xml-configuration-for-data-sets-and-variables.html]
[ferret.pmel.noaa.gov/LAS/documentation/installer-documentation/adding-gridded-data/the-xml-configuration-for-categories.html]
[ferret.pmel.noaa.gov/LAS/documentation/installer-documentation/adding-gridded-data/ferret-properties-for-customizing-datasets-and-variables.html]
[ferret.pmel.noaa.gov/LAS/documentation/installer-documentation/adding-scattered-data.html]
[ferret.pmel.noaa.gov/LAS/documentation/installer-documentation/adding-scattered-data/dsg-data-served-by-erddap.html]
[ferret.pmel.noaa.gov/LAS/documentation/installer-documentation/adding-scattered-data/using-a-database.html]
[ferret.pmel.noaa.gov/LAS/documentation/installer-documentation/adding-scattered-data/using-a-database/preparing-your-database.html]
[ferret.pmel.noaa.gov/LAS/documentation/installer-documentation/adding-scattered-data/using-a-database/templating-sql-commands.html]
[ferret.pmel.noaa.gov/LAS/documentation/installer-documentation/adding-scattered-data/using-a-database/configuring-the-las-database-service.html]
[ferret.pmel.noaa.gov/LAS/documentation/installer-documentation/adding-scattered-data/using-a-database/creating-the-dataset-configuration-file.html]
[ferret.pmel.noaa.gov/LAS/documentation/installer-documentation/adding-scattered-data/using-a-database/setting-up-mysql.html]
[ferret.pmel.noaa.gov/LAS/documentation/installer-documentation/adding-scattered-data/using-a-drds-server.html]
[ferret.pmel.noaa.gov/LAS/documentation/installer-documentation/adding-scattered-data/using-a-drds-server/configuring-the-las-drds-dods-relational-database-server-service.html]
[ferret.pmel.noaa.gov/LAS/documentation/installer-documentation/adding-scattered-data/using-a-drds-server/creating-the-dataset-configuration-file.html]
[ferret.pmel.noaa.gov/LAS/documentation/installer-documentation/adding-scattered-data/using-a-drds-server/templating-drds-constraint-expressions.html]
[ferret.pmel.noaa.gov/LAS/documentation/installer-documentation/adding-scattered-data/using-a-dapper-server.html]
[ferret.pmel.noaa.gov/LAS/documentation/installer-documentation/adding-scattered-data/using-a-dapper-server/configuring-the-dapper-service-in-las.html]
[ferret.pmel.noaa.gov/LAS/documentation/installer-documentation/adding-scattered-data/using-a-dapper-server/creating-the-dataset-configuration-file.html]
[ferret.pmel.noaa.gov/LAS/documentation/installer-documentation/adding-scattered-data/using-a-dapper-server/how-to-make-a-template-to-process-dapper-constraint-expressions.html]
[ferret.pmel.noaa.gov/LAS/documentation/installer-documentation/adding-scattered-data/configuring-user-interface-behavior.html]
[ferret.pmel.noaa.gov/LAS/documentation/installer-documentation/adding-scattered-data/the-intermediate-netcdf-file-format.html]
[ferret.pmel.noaa.gov/LAS/documentation/installer-documentation/advanced-dataset-configuration.html]
[ferret.pmel.noaa.gov/LAS/documentation/installer-documentation/advanced-dataset-configuration/configuration-snippets.html]
[ferret.pmel.noaa.gov/LAS/documentation/installer-documentation/advanced-dataset-configuration/Using F-TDS to add virtual variables to datasets.html]
[ferret.pmel.noaa.gov/LAS/documentation/installer-documentation/advanced-dataset-configuration/fixing-the-z-axis-of-the-xml.html]
[ferret.pmel.noaa.gov/LAS/documentation/installer-documentation/advanced-dataset-configuration/using-ncml-to-modify-datasets.html]
[ferret.pmel.noaa.gov/LAS/documentation/installer-documentation/adding-curvilinear-data.html]
[ferret.pmel.noaa.gov/LAS/documentation/installer-documentation/adding-curvilinear-data/a-brief-explanation.html]
[ferret.pmel.noaa.gov/LAS/documentation/installer-documentation/adding-curvilinear-data/configuring-by-hand.html]
[ferret.pmel.noaa.gov/LAS/documentation/installer-documentation/adding-curvilinear-data/configuring-las-to-regrid-curvilinear-data-to-rectilinear-grids.html]
[ferret.pmel.noaa.gov/LAS/documentation/installer-documentation/adding-curvilinear-data/improving-performance.html]
[ferret.pmel.noaa.gov/LAS/documentation/installer-documentation/adding-curvilinear-data/special-setup-if-part-of-the-grid-is-rectilinear.html]
[ferret.pmel.noaa.gov/LAS/documentation/installer-documentation/adding-curvilinear-data/creating-and-configuring-a-map-file-for-better-zooming.html]
[ferret.pmel.noaa.gov/LAS/documentation/installer-documentation/adding-ensemble-data.html]
[ferret.pmel.noaa.gov/LAS/documentation/installer-documentation/adding-ensemble-data/creating-an-ensemble-aggregation.html]
[ferret.pmel.noaa.gov/LAS/documentation/installer-documentation/adding-ensemble-data/configuring-las-to-use-an-ensemble.html]
[ferret.pmel.noaa.gov/LAS/documentation/installer-documentation/adding-data-with-hybrid-z-coordinates.html]
[ferret.pmel.noaa.gov/LAS/documentation/installer-documentation/adding-data-with-hybrid-z-coordinates/a-brief-explanation.html]
[ferret.pmel.noaa.gov/LAS/documentation/installer-documentation/adding-data-with-hybrid-z-coordinates/fixing-the-z-axis-of-the-xml.html]
[ferret.pmel.noaa.gov/LAS/documentation/installer-documentation/advanced-site-configuration.html]
[ferret.pmel.noaa.gov/LAS/documentation/installer-documentation/advanced-site-configuration/adding-tomcat-authentication.html]
[ferret.pmel.noaa.gov/LAS/documentation/installer-documentation/advanced-site-configuration/adding-named-regions-to-the-map-widget.html]
[ferret.pmel.noaa.gov/LAS/documentation/installer-documentation/extending-las.html]
[ferret.pmel.noaa.gov/LAS/documentation/installer-documentation/extending-las/adding-a-new-operation.html]
[ferret.pmel.noaa.gov/LAS/documentation/installer-documentation/extending-las/adding-a-new-operation/adding-an-operation-to-the-product-server.html]
[ferret.pmel.noaa.gov/LAS/documentation/installer-documentation/extending-las/adding-a-new-operation/adding-options-for-the-new-operation.html]
[ferret.pmel.noaa.gov/LAS/documentation/installer-documentation/extending-las/adding-a-new-operation/create-the-ferret-script-that-makes-the-product.html]
[ferret.pmel.noaa.gov/LAS/documentation/installer-documentation/extending-las/adding-a-new-operation/create-an-output-template.html]
[ferret.pmel.noaa.gov/LAS/documentation/installer-documentation/extending-las/adding-a-new-operation/setting-the-mime-type-of-your-output-template.html]
[ferret.pmel.noaa.gov/LAS/documentation/installer-documentation/extending-las/working-with-las-services.html]
[ferret.pmel.noaa.gov/LAS/documentation/installer-documentation/extending-las/working-with-las-services/streamable-output.html]
[ferret.pmel.noaa.gov/LAS/documentation/installer-documentation/extending-las/working-with-las-services/the-template-service.html]
[ferret.pmel.noaa.gov/LAS/documentation/installer-documentation/extending-las/working-with-las-services/using-the-java-backend-service-with-google-earth-for-example.html]
[ferret.pmel.noaa.gov/LAS/documentation/installer-documentation/extending-las/working-with-las-services/the-fregrid-service.html]
[ferret.pmel.noaa.gov/LAS/documentation/installer-documentation/extending-las/the-operationsv7-xml-file-explained.html]
[ferret.pmel.noaa.gov/LAS/documentation/installer-documentation/extending-las/adding-a-new-operation-that-uses-a-database/database-only-operations.html]
[ferret.pmel.noaa.gov/LAS/documentation/installer-documentation/errors-and-debugging.html]
[ferret.pmel.noaa.gov/LAS/documentation/installer-documentation/errors-and-debugging/debugging.html]
[ferret.pmel.noaa.gov/LAS/documentation/installer-documentation/errors-and-debugging/debug-output.html]
[ferret.pmel.noaa.gov/LAS/documentation/installer-documentation/errors-and-debugging/running-an-las-ferret-script-from-the-command-line.html]
[ferret.pmel.noaa.gov/LAS/documentation/installer-documentation/example-configuration-files-and-templates.html]
[ferret.pmel.noaa.gov/LAS/documentation/installer-documentation/testing-las-on-the-command-line.html]
[ferret.pmel.noaa.gov/LAS/documentation/developer-documentation.html]
[ferret.pmel.noaa.gov/LAS/documentation/developer-documentation/the-javadoc.html]
[ferret.pmel.noaa.gov/LAS/documentation/developer-documentation/the-xml-messages-used-by-las.html]
[ferret.pmel.noaa.gov/LAS/documentation/developer-documentation/the-xml-messages-used-by-las/ui-request-xml-message.html]
[ferret.pmel.noaa.gov/LAS/documentation/developer-documentation/the-xml-messages-used-by-las/the-las-backend-request.html]
[ferret.pmel.noaa.gov/LAS/documentation/developer-documentation/the-xml-messages-used-by-las/the-las-backend-response.html]
[ferret.pmel.noaa.gov/LAS/documentation/developer-documentation/the-xml-messages-used-by-las/examples/las-backend-request-examples/an-las-backend-request-with-constraints.html]
[ferret.pmel.noaa.gov/LAS/documentation/developer-documentation/the-xml-messages-used-by-las/the-error-response-as-html-xml-or-json.html]
[ferret.pmel.noaa.gov/LAS/documentation/developer-documentation/the-rest-interface-for-gui-construction.html]
[ferret.pmel.noaa.gov/LAS/documentation/developer-documentation/the-rest-interface-for-gui-construction/introduction.html]
[ferret.pmel.noaa.gov/LAS/documentation/developer-documentation/the-rest-interface-for-gui-construction/getcategories.html]
[ferret.pmel.noaa.gov/LAS/documentation/developer-documentation/the-rest-interface-for-gui-construction/getviews.html]
[ferret.pmel.noaa.gov/LAS/documentation/developer-documentation/the-rest-interface-for-gui-construction/getgrid.html]
[ferret.pmel.noaa.gov/LAS/documentation/developer-documentation/the-rest-interface-for-gui-construction/getoperations.html]
[ferret.pmel.noaa.gov/LAS/documentation/developer-documentation/the-rest-interface-for-gui-construction/getoptions.html]
[ferret.pmel.noaa.gov/LAS/documentation/developer-documentation/the-rest-interface-for-gui-construction/getDataConstraints.html]
[ferret.pmel.noaa.gov/LAS/documentation/developer-documentation/javascript-components-v2.x/las-javascript-components-overview.html]
[ferret.pmel.noaa.gov/LAS/documentation/developer-documentation/javascript-components-v2.x/lasrequest.html]
[ferret.pmel.noaa.gov/LAS/documentation/developer-documentation/javascript-components-v2.x/lasrequest-jsdoc.html]
[ferret.pmel.noaa.gov/LAS/documentation/developer-documentation/javascript-components-v2.x/lasresponse.html]
[ferret.pmel.noaa.gov/LAS/documentation/developer-documentation/javascript-components-v2.x/lasresponse-jsdoc.html]
[ferret.pmel.noaa.gov/LAS/documentation/developer-documentation/javascript-components-v2.x/lasgetgridresponse.html]
[ferret.pmel.noaa.gov/LAS/documentation/developer-documentation/javascript-components-v2.x/lasgetgridresponse-jsdoc.html]
[ferret.pmel.noaa.gov/LAS/documentation/developer-documentation/javascript-components-v2.x/menuwidget.html]
[ferret.pmel.noaa.gov/LAS/documentation/developer-documentation/javascript-components-v2.x/menuwidget-jsdoc.html]
[ferret.pmel.noaa.gov/LAS/documentation/developer-documentation/javascript-components-v2.x/latitudewidget.html]
[ferret.pmel.noaa.gov/LAS/documentation/developer-documentation/javascript-components-v2.x/latitude-widget-jsdoc.html]
[ferret.pmel.noaa.gov/LAS/documentation/developer-documentation/javascript-components-v2.x/longitudewidget.html]
[ferret.pmel.noaa.gov/LAS/documentation/developer-documentation/javascript-components-v2.x/longitudewidget-jsdoc.html]
[ferret.pmel.noaa.gov/LAS/documentation/developer-documentation/javascript-components-v2.x/datewidget.html]
[ferret.pmel.noaa.gov/LAS/documentation/developer-documentation/javascript-components-v2.x/datewidget-jsdoc.html]
[ferret.pmel.noaa.gov/LAS/documentation/developer-documentation/javascript-components-v2.x/lascontentcell.html]
[ferret.pmel.noaa.gov/LAS/documentation/developer-documentation/javascript-components-v2.x/lascontentcell-jsdoc.html]
[ferret.pmel.noaa.gov/LAS/documentation/developer-documentation/javascript-components-v2.x/lasslidesorter.html]
[ferret.pmel.noaa.gov/LAS/documentation/developer-documentation/javascript-components-v2.x/lasslidesorter-jsdoc.html]
[ferret.pmel.noaa.gov/LAS/documentation/developer-documentation/javascript-components-v2.x/lasui-jsdoc.html]
[ferret.pmel.noaa.gov/LAS/documentation/developer-documentation/las-error-message-from-the-ferret-backend-service.html]
[ferret.pmel.noaa.gov/LAS/documentation/developer-documentation/full-error-output.html]
[ferret.pmel.noaa.gov/LAS/documentation/developer-documentation/map_scale-information.html]
[ferret.pmel.noaa.gov/LAS/documentation/developer-documentation/getting-configuration-information-from-within-an-output-template.html]
[ferret.pmel.noaa.gov/LAS/documentation/developer-documentation/template-snippets.html]
[ferret.pmel.noaa.gov/LAS/documentation/developer-documentation/animation-frames-xml.html]
[ferret.pmel.noaa.gov/LAS/documentation/the-ferret-thredds-data-server-f-tds.html]
[ferret.pmel.noaa.gov/LAS/documentation/the-ferret-thredds-data-server-f-tds/installation-instructions-for-f-tds.html]
[ferret.pmel.noaa.gov/LAS/documentation/installer-documentation/install-las-using-a-remote-tds/install-las-using-a-remote-tds.html]
[ferret.pmel.noaa.gov/LAS/documentation/the-ferret-thredds-data-server-f-tds/using-f-tds-and-the-server-side-analysis.html]
[ferret.pmel.noaa.gov/LAS/documentation/the-ferret-thredds-data-server-f-tds/how-f-tds-is-used-in-las.html]
[ferret.pmel.noaa.gov/LAS/documentation/the-ferret-thredds-data-server-f-tds/perl-script-build-ferret-environment-xml.html]
[ferret.pmel.noaa.gov/LAS/documentation/the-ferret-thredds-data-server-f-tds/debugging-your-f-tds-and-las-integration.html]
[ferret.pmel.noaa.gov/LAS/documentation/working-examples.html]
[ferret.pmel.noaa.gov/LAS/documentation/the-uaf-catalog-cleaner.html]
[ferret.pmel.noaa.gov/LAS/documentation/the-uaf-catalog-cleaner/catalog-cleaner-documentatin.html]
[ferret.pmel.noaa.gov/LAS/documentation/email-admin.html]
[ferret.pmel.noaa.gov/LAS/documentation/typographical-conventions/index.html]
[ferret.pmel.noaa.gov/LAS/documentation/introduction/index.html]
[ferret.pmel.noaa.gov/LAS/documentation/release-notes-for-las-v8.6/index.html]
[ferret.pmel.noaa.gov/LAS/documentation/release-notes-for-previous-versions-1/index.html]
[ferret.pmel.noaa.gov/LAS/documentation/end-user-documentation/index.html]
[ferret.pmel.noaa.gov/LAS/documentation/installer-documentation/index.html]
[ferret.pmel.noaa.gov/LAS/documentation/developer-documentation/index.html]
[ferret.pmel.noaa.gov/LAS/documentation/the-ferret-thredds-data-server-f-tds/index.html]
[ferret.pmel.noaa.gov/LAS/documentation/the-uaf-catalog-cleaner/index.html]
[ferret.pmel.noaa.gov/LAS/documentation/installer-documentation/installation/index.html]
[ferret.pmel.noaa.gov/LAS/documentation/las-overview/index.html]
[ferret.pmel.noaa.gov/LAS/documentation/introduction/the-las-architecture/index.html]
[ferret.pmel.noaa.gov/LAS/documentation/introduction/using-the-las-user-interface/index.html]
[ferret.pmel.noaa.gov/LAS/documentation/introduction/las-v7-video-tutorials/index.html]
[ferret.pmel.noaa.gov/LAS/documentation/release-notes-for-previous-versions-1/release-notes-for-las-v8.5/index.html]
[ferret.pmel.noaa.gov/LAS/documentation/release-notes-for-previous-versions-1/release-notes-for-las-v8.4/index.html]
[ferret.pmel.noaa.gov/LAS/documentation/release-notes-for-previous-versions-1/release-notes-for-las-8.2/index.html]
[ferret.pmel.noaa.gov/LAS/documentation/release-notes-for-previous-versions-1/release-notes-for-las-8.0/index.html]
[ferret.pmel.noaa.gov/LAS/documentation/release-notes-for-previous-versions-1/release-notes-v8.0/index.html]
[ferret.pmel.noaa.gov/LAS/documentation/release-notes-for-previous-versions-1/release-notes-v7-3-august-2011/index.html]
[ferret.pmel.noaa.gov/LAS/documentation/release-notes-for-previous-versions-1/las-release-notes-7-2/index.html]
[ferret.pmel.noaa.gov/LAS/documentation/release-notes-for-previous-versions-1/las-release-notes/index.html]
[ferret.pmel.noaa.gov/LAS/documentation/release-notes-for-previous-versions-1/las-release-notes-for-v7-1.1/index.html]
[ferret.pmel.noaa.gov/LAS/documentation/release-notes-for-previous-versions-1/release-notes-for-las-v7.1/index.html]
[ferret.pmel.noaa.gov/LAS/documentation/release-notes-for-previous-versions-1/release-notes-for-las-version-7.0/index.html]
[ferret.pmel.noaa.gov/LAS/documentation/release-notes-for-previous-versions-1/release-notes-for-las/index.html]
[ferret.pmel.noaa.gov/LAS/documentation/release-notes-for-previous-versions-1/release-notes-for-previous-versions/index.html]
[ferret.pmel.noaa.gov/LAS/documentation/installer-documentation/las-administration/index.html]
[ferret.pmel.noaa.gov/LAS/documentation/installer-documentation/adding-data-with-hybrid-z-coordinates/configuring-las-to-regrid-hybrid-z-data-to-a-fixed-z-grid.html]
[ferret.pmel.noaa.gov/LAS/documentation/installer-documentation/testing-las/install-and-usage.html]
[ferret.pmel.noaa.gov/LAS/documentation/end-user-documentation/the-batch-response/index.html]
[ferret.pmel.noaa.gov/LAS/documentation/end-user-documentation/using-the-las-user-interface/index.html]
[ferret.pmel.noaa.gov/LAS/documentation/end-user-documentation/las-capabilities-for-working-with-ensembles-1/index.html]
[ferret.pmel.noaa.gov/LAS/documentation/end-user-documentation/google-earth-products/index.html]
[ferret.pmel.noaa.gov/LAS/documentation/end-user-documentation/the-batch-response/batch-response/index.html]
[ferret.pmel.noaa.gov/LAS/documentation/end-user-documentation/the-batch-response/batch-errors/index.html]
[ferret.pmel.noaa.gov/LAS/documentation/end-user-documentation/las-capabilities-for-working-with-ensembles-1/basic-one-plot-ensemble-interface/index.html]
[ferret.pmel.noaa.gov/LAS/documentation/end-user-documentation/las-capabilities-for-working-with-ensembles-1/comparisons-with-two-or-more-plot-panels/index.html]
[ferret.pmel.noaa.gov/LAS/documentation/installer-documentation/adding-gridded-data/index.html]
[ferret.pmel.noaa.gov/LAS/documentation/installer-documentation/adding-scattered-data/index.html]
[ferret.pmel.noaa.gov/LAS/documentation/installer-documentation/advanced-dataset-configuration/index.html]
[ferret.pmel.noaa.gov/LAS/documentation/installer-documentation/adding-curvilinear-data/index.html]
[ferret.pmel.noaa.gov/LAS/documentation/installer-documentation/adding-ensemble-data/index.html]
[ferret.pmel.noaa.gov/LAS/documentation/installer-documentation/adding-data-with-hybrid-z-coordinates/index.html]
[ferret.pmel.noaa.gov/LAS/documentation/installer-documentation/advanced-site-configuration/index.html]
[ferret.pmel.noaa.gov/LAS/documentation/installer-documentation/extending-las/index.html]
[ferret.pmel.noaa.gov/LAS/documentation/installer-documentation/errors-and-debugging/index.html]
[ferret.pmel.noaa.gov/LAS/documentation/installer-documentation/example-configuration-files-and-templates/index.html]
[ferret.pmel.noaa.gov/LAS/documentation/installer-documentation/testing-las-on-the-command-line/index.html]
[ferret.pmel.noaa.gov/LAS/documentation/installer-documentation/upgrading-existing-las-server/index.html]
[ferret.pmel.noaa.gov/LAS/documentation/installer-documentation/installation/preliminaries/index.html]
[ferret.pmel.noaa.gov/LAS/documentation/installer-documentation/installation/installing-and-integrating-tds-with-las/index.html]
[ferret.pmel.noaa.gov/LAS/documentation/installer-documentation/installation/setting-up-the-example-in-situ-data-sets/index.html]
[ferret.pmel.noaa.gov/LAS/documentation/installer-documentation/installation/installing-armstrong/index.html]
[ferret.pmel.noaa.gov/LAS/documentation/installer-documentation/installation/start-the-server/index.html]
[ferret.pmel.noaa.gov/LAS/documentation/installer-documentation/installation/check-installation/index.html]
[ferret.pmel.noaa.gov/LAS/documentation/installer-documentation/installation/directory-layout/index.html]
[ferret.pmel.noaa.gov/LAS/documentation/installer-documentation/installation/applying-changes-to-the-configuration/index.html]
[ferret.pmel.noaa.gov/LAS/documentation/installer-documentation/installation/installation-session-for-the-v7-0-user-interface-only/index.html]
[ferret.pmel.noaa.gov/LAS/documentation/installer-documentation/las-administration/the-admin-page/index.html]
[ferret.pmel.noaa.gov/LAS/documentation/installer-documentation/las-administration/reloading-the-las-configuration/index.html]
[ferret.pmel.noaa.gov/LAS/documentation/installer-documentation/las-administration/managing-the-las-cache/index.html]
[ferret.pmel.noaa.gov/LAS/documentation/installer-documentation/las-administration/configuring-a-default-data-set-variable-and-plot-for-an-las/index.html]
[ferret.pmel.noaa.gov/LAS/documentation/installer-documentation/las-administration/configuring-the-base-map-in-the-reference-map/index.html]
[ferret.pmel.noaa.gov/LAS/documentation/installer-documentation/adding-gridded-data/the-addxml-utility/index.html]
[ferret.pmel.noaa.gov/LAS/documentation/installer-documentation/adding-gridded-data/using-addxml-on-a-netcdf-data-source/index.html]
[ferret.pmel.noaa.gov/LAS/documentation/installer-documentation/adding-gridded-data/using-addxml-on-a-thredds-catalog/index.html]
[ferret.pmel.noaa.gov/LAS/documentation/installer-documentation/adding-gridded-data/advanced-topics-for-adding-netcdf-data-sources-with-addxml/index.html]
[ferret.pmel.noaa.gov/LAS/documentation/installer-documentation/adding-gridded-data/addxml-and-automatic-detection-of-vectors/index.html]
[ferret.pmel.noaa.gov/LAS/documentation/installer-documentation/adding-gridded-data/the-xml-configuration-for-data-sets-and-variables/index.html]
[ferret.pmel.noaa.gov/LAS/documentation/installer-documentation/adding-gridded-data/the-xml-configuration-for-categories/index.html]
[ferret.pmel.noaa.gov/LAS/documentation/installer-documentation/adding-gridded-data/ferret-properties-for-customizing-datasets-and-variables/index.html]
[ferret.pmel.noaa.gov/LAS/documentation/installer-documentation/advanced-dataset-configuration/copy_of_using-init_scripts-for-custom-ferret-behavior.html]
[ferret.pmel.noaa.gov/LAS/documentation/installer-documentation/adding-scattered-data/dsg-data-served-by-erddap/trajectory-data-served-by-erddap/index.html]
[ferret.pmel.noaa.gov/LAS/documentation/installer-documentation/adding-scattered-data/using-a-database/index.html]
[ferret.pmel.noaa.gov/LAS/documentation/installer-documentation/adding-scattered-data/using-a-drds-server/index.html]
[ferret.pmel.noaa.gov/LAS/documentation/installer-documentation/adding-scattered-data/using-a-dapper-server/index.html]
[ferret.pmel.noaa.gov/LAS/documentation/installer-documentation/adding-scattered-data/configuring-user-interface-behavior/index.html]
[ferret.pmel.noaa.gov/LAS/documentation/installer-documentation/adding-scattered-data/the-intermediate-netcdf-file-format/index.html]
[ferret.pmel.noaa.gov/LAS/documentation/installer-documentation/adding-scattered-data/using-a-database/preparing-your-database/index.html]
[ferret.pmel.noaa.gov/LAS/documentation/installer-documentation/adding-scattered-data/using-a-database/templating-sql-commands/index.html]
[ferret.pmel.noaa.gov/LAS/documentation/installer-documentation/adding-scattered-data/using-a-database/configuring-the-las-database-service/index.html]
[ferret.pmel.noaa.gov/LAS/documentation/installer-documentation/adding-scattered-data/using-a-database/creating-the-dataset-configuration-file/index.html]
[ferret.pmel.noaa.gov/LAS/documentation/installer-documentation/adding-scattered-data/using-a-database/setting-up-mysql/index.html]
[ferret.pmel.noaa.gov/LAS/documentation/installer-documentation/adding-scattered-data/using-a-drds-server/configuring-the-las-drds-dods-relational-database-server-service/index.html]
[ferret.pmel.noaa.gov/LAS/documentation/installer-documentation/adding-scattered-data/using-a-drds-server/creating-the-dataset-configuration-file/index.html]
[ferret.pmel.noaa.gov/LAS/documentation/installer-documentation/adding-scattered-data/using-a-drds-server/templating-drds-constraint-expressions/index.html]
[ferret.pmel.noaa.gov/LAS/documentation/installer-documentation/adding-scattered-data/using-a-dapper-server/configuring-the-dapper-service-in-las/index.html]
[ferret.pmel.noaa.gov/LAS/documentation/installer-documentation/adding-scattered-data/using-a-dapper-server/creating-the-dataset-configuration-file/index.html]
[ferret.pmel.noaa.gov/LAS/documentation/installer-documentation/adding-scattered-data/using-a-dapper-server/how-to-make-a-template-to-process-dapper-constraint-expressions/index.html]
[ferret.pmel.noaa.gov/LAS/documentation/installer-documentation/advanced-dataset-configuration/configuration-snippets/index.html]
[ferret.pmel.noaa.gov/LAS/documentation/installer-documentation/advanced-dataset-configuration/Using F-TDS to add virtual variables to datasets/index.html]
[ferret.pmel.noaa.gov/LAS/documentation/installer-documentation/advanced-dataset-configuration/fixing-the-z-axis-of-the-xml/index.html]
[ferret.pmel.noaa.gov/LAS/documentation/installer-documentation/advanced-dataset-configuration/using-ncml-to-modify-datasets/index.html]
[ferret.pmel.noaa.gov/LAS/documentation/installer-documentation/advanced-dataset-configuration/Using F-TDS to add virtual variables to datasets-2.html]
[ferret.pmel.noaa.gov/LAS/documentation/installer-documentation/adding-curvilinear-data/a-brief-explanation/index.html]
[ferret.pmel.noaa.gov/LAS/documentation/installer-documentation/adding-curvilinear-data/configuring-by-hand/index.html]
[ferret.pmel.noaa.gov/LAS/documentation/installer-documentation/adding-curvilinear-data/configuring-las-to-regrid-curvilinear-data-to-rectilinear-grids/index.html]
[ferret.pmel.noaa.gov/LAS/documentation/installer-documentation/adding-curvilinear-data/improving-performance/index.html]
[ferret.pmel.noaa.gov/LAS/documentation/installer-documentation/adding-curvilinear-data/special-setup-if-part-of-the-grid-is-rectilinear/index.html]
[ferret.pmel.noaa.gov/LAS/documentation/installer-documentation/adding-curvilinear-data/creating-and-configuring-a-map-file-for-better-zooming/index.html]
[ferret.pmel.noaa.gov/LAS/documentation/installer-documentation/adding-ensemble-data/creating-an-ensemble-aggregation/index.html]
[ferret.pmel.noaa.gov/LAS/documentation/installer-documentation/adding-ensemble-data/configuring-las-to-use-an-ensemble/index.html]
[ferret.pmel.noaa.gov/LAS/documentation/installer-documentation/adding-data-with-hybrid-z-coordinates/a-brief-explanation/index.html]
[ferret.pmel.noaa.gov/LAS/documentation/installer-documentation/adding-data-with-hybrid-z-coordinates/fixing-the-z-axis-of-the-xml/index.html]
[ferret.pmel.noaa.gov/LAS/documentation/installer-documentation/advanced-site-configuration/adding-tomcat-authentication/index.html]
[ferret.pmel.noaa.gov/LAS/documentation/installer-documentation/advanced-site-configuration/adding-named-regions-to-the-map-widget/index.html]
[ferret.pmel.noaa.gov/LAS/documentation/installer-documentation/extending-las/adding-a-new-operation/index.html]
[ferret.pmel.noaa.gov/LAS/documentation/installer-documentation/extending-las/working-with-las-services/index.html]
[ferret.pmel.noaa.gov/LAS/documentation/installer-documentation/extending-las/the-operationsv7-xml-file-explained/index.html]
[ferret.pmel.noaa.gov/LAS/documentation/installer-documentation/extending-las/adding-a-new-operation/adding-an-operation-to-the-product-server/index.html]
[ferret.pmel.noaa.gov/LAS/documentation/installer-documentation/extending-las/adding-a-new-operation/adding-options-for-the-new-operation/index.html]
[ferret.pmel.noaa.gov/LAS/documentation/installer-documentation/extending-las/adding-a-new-operation/create-the-ferret-script-that-makes-the-product/index.html]
[ferret.pmel.noaa.gov/LAS/documentation/installer-documentation/extending-las/adding-a-new-operation/create-an-output-template/index.html]
[ferret.pmel.noaa.gov/LAS/documentation/installer-documentation/extending-las/adding-a-new-operation/setting-the-mime-type-of-your-output-template/index.html]
[ferret.pmel.noaa.gov/LAS/documentation/installer-documentation/extending-las/working-with-las-services/streamable-output/index.html]
[ferret.pmel.noaa.gov/LAS/documentation/installer-documentation/extending-las/working-with-las-services/the-template-service/index.html]
[ferret.pmel.noaa.gov/LAS/documentation/installer-documentation/extending-las/working-with-las-services/using-the-java-backend-service-with-google-earth-for-example/index.html]
[ferret.pmel.noaa.gov/LAS/documentation/installer-documentation/extending-las/working-with-las-services/the-fregrid-service/index.html]
[ferret.pmel.noaa.gov/LAS/documentation/installer-documentation/errors-and-debugging/debugging/index.html]
[ferret.pmel.noaa.gov/LAS/documentation/installer-documentation/errors-and-debugging/debug-output/index.html]
[ferret.pmel.noaa.gov/LAS/documentation/installer-documentation/errors-and-debugging/running-an-las-ferret-script-from-the-command-line/index.html]
[ferret.pmel.noaa.gov/LAS/documentation/installer-documentation/errors-and-debugging/example-laslog.html]
[ferret.pmel.noaa.gov/LAS/documentation/developer-documentation/the-xml-messages-used-by-las/ui-request-xml-message/index.html]
[ferret.pmel.noaa.gov/LAS/documentation/developer-documentation/the-xml-messages-used-by-las/the-las-backend-request/index.html]
[ferret.pmel.noaa.gov/LAS/documentation/developer-documentation/the-xml-messages-used-by-las/the-las-backend-response/index.html]
[ferret.pmel.noaa.gov/LAS/documentation/developer-documentation/the-xml-messages-used-by-las/the-error-response-as-html-xml-or-json/index.html]
[ferret.pmel.noaa.gov/LAS/documentation/developer-documentation/the-javadoc/index.html]
[ferret.pmel.noaa.gov/LAS/documentation/developer-documentation/the-xml-messages-used-by-las/index.html]
[ferret.pmel.noaa.gov/LAS/documentation/developer-documentation/the-rest-interface-for-gui-construction/index.html]
[ferret.pmel.noaa.gov/LAS/documentation/developer-documentation/las-error-message-from-the-ferret-backend-service/index.html]
[ferret.pmel.noaa.gov/LAS/documentation/developer-documentation/full-error-output/index.html]
[ferret.pmel.noaa.gov/LAS/documentation/developer-documentation/map_scale-information/index.html]
[ferret.pmel.noaa.gov/LAS/documentation/developer-documentation/getting-configuration-information-from-within-an-output-template/index.html]
[ferret.pmel.noaa.gov/LAS/documentation/developer-documentation/template-snippets/index.html]
[ferret.pmel.noaa.gov/LAS/documentation/developer-documentation/animation-frames-xml/index.html]
[ferret.pmel.noaa.gov/LAS/documentation/developer-documentation/the-rest-interface-for-gui-construction/introduction/index.html]
[ferret.pmel.noaa.gov/LAS/documentation/developer-documentation/the-rest-interface-for-gui-construction/getcategories/index.html]
[ferret.pmel.noaa.gov/LAS/documentation/developer-documentation/the-rest-interface-for-gui-construction/getviews/index.html]
[ferret.pmel.noaa.gov/LAS/documentation/developer-documentation/the-rest-interface-for-gui-construction/getgrid/index.html]
[ferret.pmel.noaa.gov/LAS/documentation/developer-documentation/the-rest-interface-for-gui-construction/getoperations/index.html]
[ferret.pmel.noaa.gov/LAS/documentation/developer-documentation/the-rest-interface-for-gui-construction/getoptions/index.html]
[ferret.pmel.noaa.gov/LAS/documentation/developer-documentation/the-rest-interface-for-gui-construction/getDataConstraints/index.html]
[ferret.pmel.noaa.gov/LAS/documentation/the-ferret-thredds-data-server-f-tds/installation-instructions-for-f-tds/index.html]
[ferret.pmel.noaa.gov/LAS/documentation/the-ferret-thredds-data-server-f-tds/using-f-tds-and-the-server-side-analysis/index.html]
[ferret.pmel.noaa.gov/LAS/documentation/the-ferret-thredds-data-server-f-tds/how-f-tds-is-used-in-las/index.html]
[ferret.pmel.noaa.gov/LAS/documentation/the-ferret-thredds-data-server-f-tds/debugging-your-f-tds-and-las-integration/index.html]
[ferret.pmel.noaa.gov/LAS/documentation/las-v7-servers.html]
[ferret.pmel.noaa.gov/LAS/documentation/the-uaf-catalog-cleaner/catalog-cleaner-documentatin/index.html]
[ferret.pmel.noaa.gov/LAS/sites/default/files/src/ferret_env.perl]
